MPLINK 4.49, Linker
Linker Map File - Created Fri Dec 07 00:12:13 2018

                                 Section Info
                  Section       Type    Address   Location Size(Bytes)
                ---------  ---------  ---------  ---------  ---------
                   .org_0       code   0x000000    program   0x000000
                   .org_1       code   0x000000    program   0x00005e



                              Program Memory Usage 
                               Start         End      
                           ---------   ---------      
                            0x000000    0x00002e      
            47 out of 8454 program addresses used, program memory utilization is 0%



                              Symbols - Sorted by Name
                     Name    Address   Location    Storage File                     
                ---------  ---------  ---------  --------- ---------                
                ANA_METOT   0x000001    program     static D:\mikroislemciler\2018GuzDonemi\76.uygulama\uygulama-76.asm
                  GECIKME   0x000026    program     static D:\mikroislemciler\2018GuzDonemi\76.uygulama\uygulama-76.asm
                  KONTROL   0x000013    program     static D:\mikroislemciler\2018GuzDonemi\76.uygulama\uygulama-76.asm
                KONTROL_2   0x000016    program     static D:\mikroislemciler\2018GuzDonemi\76.uygulama\uygulama-76.asm
                KONTROL_3   0x000025    program     static D:\mikroislemciler\2018GuzDonemi\76.uygulama\uygulama-76.asm
                  TEKRAR1   0x000028    program     static D:\mikroislemciler\2018GuzDonemi\76.uygulama\uygulama-76.asm
                  TEKRAR2   0x00002a    program     static D:\mikroislemciler\2018GuzDonemi\76.uygulama\uygulama-76.asm



                              Symbols - Sorted by Address
                     Name    Address   Location    Storage File                     
                ---------  ---------  ---------  --------- ---------                
                ANA_METOT   0x000001    program     static D:\mikroislemciler\2018GuzDonemi\76.uygulama\uygulama-76.asm
                  KONTROL   0x000013    program     static D:\mikroislemciler\2018GuzDonemi\76.uygulama\uygulama-76.asm
                KONTROL_2   0x000016    program     static D:\mikroislemciler\2018GuzDonemi\76.uygulama\uygulama-76.asm
                KONTROL_3   0x000025    program     static D:\mikroislemciler\2018GuzDonemi\76.uygulama\uygulama-76.asm
                  GECIKME   0x000026    program     static D:\mikroislemciler\2018GuzDonemi\76.uygulama\uygulama-76.asm
                  TEKRAR1   0x000028    program     static D:\mikroislemciler\2018GuzDonemi\76.uygulama\uygulama-76.asm
                  TEKRAR2   0x00002a    program     static D:\mikroislemciler\2018GuzDonemi\76.uygulama\uygulama-76.asm


